// Jest Snapshot v1, https://goo.gl/fbAQLP

exports[`matches snapshot 1`] = `
<DocumentFragment>
  <div
    class="tripsGroup"
  >
    <h3
      class="pointsTitle"
    >
      Current Trip
    </h3>
    <p>
      No trip destinations selected
    </p>
    <br />
  </div>
</DocumentFragment>
`;
