// Jest Snapshot v1, https://goo.gl/fbAQLP

exports[`matches snapshot 1`] = `
<DocumentFragment>
  <div>
    <button
      class="toggle btn btn-danger"
      type="button"
    >
      Delete Trip
    </button>
  </div>
</DocumentFragment>
`;
