// Jest Snapshot v1, https://goo.gl/fbAQLP

exports[`matches snapshot 1`] = `
<DocumentFragment>
  <div
    class="searchedPoint"
  >
    <h4
      class="pointTitle"
    >
      Test Location
    </h4>
    <p>
      <span
        class="detailTitle"
      >
        Location type: 
      </span>
      Marina
    </p>
    <div
      class="collapse"
    />
    <button
      class="pointButton btn btn-secondary"
      type="button"
    >
      Show Details
    </button>
  </div>
</DocumentFragment>
`;
